---
source: tests/core.rs
expression: child
---
Some(Section(
  name: "Subtopic A",
  questions: [
    Question(
      data: Bullet(Bullet(
        body: "Well done!",
      )),
      comp_level: Trimmed,
      mastery: 0,
      correct: 0,
      seen: 0,
      last_correct: "[last_correct]",
    ),
  ],
  children: [],
))
