---
source: tests/crawler.rs
expression: cards
---
[
  Section(
    name: "Terms",
    questions: [
      Question(
        data: Term(Term(
          term: "der / die Lehrer(in)",
          definition: "teacher",
          inverted: false,
        )),
        comp_level: Trimmed,
        mastery: 0,
        correct: 0,
        seen: 0,
        last_correct: "[last_correct]",
      ),
      Question(
        data: Term(Term(
          term: "wissen / wei√ü / hat gewusst",
          definition: "to know",
          inverted: false,
        )),
        comp_level: Trimmed,
        mastery: 0,
        correct: 0,
        seen: 0,
        last_correct: "[last_correct]",
      ),
      Question(
        data: Term(Term(
          term: "in der Zwischenzeit",
          definition: "[in the] meantime",
          inverted: false,
        )),
        comp_level: Trimmed,
        mastery: 0,
        correct: 0,
        seen: 0,
        last_correct: "[last_correct]",
      ),
    ],
    children: [],
  ),
]
